Run URL: https://e2-demo-field-eng.cloud.databricks.com/?o=1444828305810485#job/848463234628886/run/321757858616790

2026-07-30 13:22:29 "[dev akil_thomas] [dev] mmd-storage-probe" RUNNING
2026-07-30 13:39:26 "[dev akil_thomas] [dev] mmd-storage-probe" TERMINATED SUCCESS
/databricks/python/lib/python3.12/site-packages/mlflow/pyfunc/utils/data_validation.py:186: UserWarning: [33mAdd type hints to the `predict` method to enable data validation and automatic signature inference during model logging. Check https://mlflow.org/docs/latest/model/python_model.html#type-hint-usage-in-pythonmodel for more details.[0m
  color_warning(


Replicating /Volumes/users/akil_thomas/mlflow_artifacts/NORTHEAST/bundle_parquet (72.27 GB) up to ~100 GB …
  2 copies → 144.55 GB at /local_disk0/mmd_probe_artifact
Logging probe model to UC: users.akil_thomas.mmd_storage_probe (experiment /Users/akil.thomas@databricks.com/mmd_storage_probe) …


🔗 View Logged Model at: https://e2-demo-field-eng.cloud.databricks.com/ml/experiments/4004452056458895/models/m-bb943e37b3d8456b801ff66dcbc3be73?o=1444828305810485
/databricks/python/lib/python3.12/site-packages/mlflow/pyfunc/utils/data_validation.py:186: UserWarning: [33mAdd type hints to the `predict` method to enable data validation and automatic signature inference during model logging. Check https://mlflow.org/docs/latest/model/python_model.html#type-hint-usage-in-pythonmodel for more details.[0m
  color_warning(
/databricks/python/lib/python3.12/site-packages/mlflow/pyfunc/__init__.py:3262: UserWarning: [1;33mAn input example was not provided when logging the model. To ensure the model signature functions correctly, specify the `input_example` parameter. See https://mlflow.org/docs/latest/model/signatures.html#model-input-example for more details about the benefits of using input_example.[0m
  color_warning(


Downloading artifacts:   0%|          | 0/1278 [00:00<?, ?it/s]

Registered model 'users.akil_thomas.mmd_storage_probe' already exists. Creating a new version of this model...


Uploading artifacts:   0%|          | 0/1287 [00:00<?, ?it/s]

Uploading /local_disk0/repl_tmp_data/ReplId-19fb4-0d180-2/tmpx1qhdunm/model/artifacts/mmd_probe_artifact/copy_…

Uploading /local_disk0/repl_tmp_data/ReplId-19fb4-0d180-2/tmpx1qhdunm/model/artifacts/mmd_probe_artifact/copy_…

Uploading /local_disk0/repl_tmp_data/ReplId-19fb4-0d180-2/tmpx1qhdunm/model/artifacts/mmd_probe_artifact/copy_…

Uploading /local_disk0/repl_tmp_data/ReplId-19fb4-0d180-2/tmpx1qhdunm/model/artifacts/mmd_probe_artifact/copy_…

Uploading /local_disk0/repl_tmp_data/ReplId-19fb4-0d180-2/tmpx1qhdunm/model/artifacts/mmd_probe_artifact/copy_…

Uploading /local_disk0/repl_tmp_data/ReplId-19fb4-0d180-2/tmpx1qhdunm/model/artifacts/mmd_probe_artifact/copy_…

Uploading /local_disk0/repl_tmp_data/ReplId-19fb4-0d180-2/tmpx1qhdunm/model/artifacts/mmd_probe_artifact/copy_…

Uploading /local_disk0/repl_tmp_data/ReplId-19fb4-0d180-2/tmpx1qhdunm/model/artifacts/mmd_probe_artifact/copy_…

Uploading /local_disk0/repl_tmp_data/ReplId-19fb4-0d180-2/tmpx1qhdunm/model/artifacts/mmd_probe_artifact/copy_…

Uploading /local_disk0/repl_tmp_data/ReplId-19fb4-0d180-2/tmpx1qhdunm/model/artifacts/mmd_probe_artifact/copy_…

Uploading /local_disk0/repl_tmp_data/ReplId-19fb4-0d180-2/tmpx1qhdunm/model/artifacts/mmd_probe_artifact/copy_…

Uploading /local_disk0/repl_tmp_data/ReplId-19fb4-0d180-2/tmpx1qhdunm/model/artifacts/mmd_probe_artifact/copy_…

Uploading /local_disk0/repl_tmp_data/ReplId-19fb4-0d180-2/tmpx1qhdunm/model/artifacts/mmd_probe_artifact/copy_…

Uploading /local_disk0/repl_tmp_data/ReplId-19fb4-0d180-2/tmpx1qhdunm/model/artifacts/mmd_probe_artifact/copy_…

Uploading /local_disk0/repl_tmp_data/ReplId-19fb4-0d180-2/tmpx1qhdunm/model/artifacts/mmd_probe_artifact/copy_…

Uploading /local_disk0/repl_tmp_data/ReplId-19fb4-0d180-2/tmpx1qhdunm/model/artifacts/mmd_probe_artifact/copy_…

Uploading /local_disk0/repl_tmp_data/ReplId-19fb4-0d180-2/tmpx1qhdunm/model/artifacts/mmd_probe_artifact/copy_…

Uploading /local_disk0/repl_tmp_data/ReplId-19fb4-0d180-2/tmpx1qhdunm/model/artifacts/mmd_probe_artifact/copy_…

Uploading /local_disk0/repl_tmp_data/ReplId-19fb4-0d180-2/tmpx1qhdunm/model/artifacts/mmd_probe_artifact/copy_…

Uploading /local_disk0/repl_tmp_data/ReplId-19fb4-0d180-2/tmpx1qhdunm/model/artifacts/mmd_probe_artifact/copy_…

Uploading /local_disk0/repl_tmp_data/ReplId-19fb4-0d180-2/tmpx1qhdunm/model/artifacts/mmd_probe_artifact/copy_…

Uploading /local_disk0/repl_tmp_data/ReplId-19fb4-0d180-2/tmpx1qhdunm/model/artifacts/mmd_probe_artifact/copy_…

Uploading /local_disk0/repl_tmp_data/ReplId-19fb4-0d180-2/tmpx1qhdunm/model/artifacts/mmd_probe_artifact/copy_…

Uploading /local_disk0/repl_tmp_data/ReplId-19fb4-0d180-2/tmpx1qhdunm/model/artifacts/mmd_probe_artifact/copy_…

Uploading /local_disk0/repl_tmp_data/ReplId-19fb4-0d180-2/tmpx1qhdunm/model/artifacts/mmd_probe_artifact/copy_…

Uploading /local_disk0/repl_tmp_data/ReplId-19fb4-0d180-2/tmpx1qhdunm/model/artifacts/mmd_probe_artifact/copy_…

Uploading /local_disk0/repl_tmp_data/ReplId-19fb4-0d180-2/tmpx1qhdunm/model/artifacts/mmd_probe_artifact/copy_…

Uploading /local_disk0/repl_tmp_data/ReplId-19fb4-0d180-2/tmpx1qhdunm/model/artifacts/mmd_probe_artifact/copy_…

Uploading /local_disk0/repl_tmp_data/ReplId-19fb4-0d180-2/tmpx1qhdunm/model/artifacts/mmd_probe_artifact/copy_…

Uploading /local_disk0/repl_tmp_data/ReplId-19fb4-0d180-2/tmpx1qhdunm/model/artifacts/mmd_probe_artifact/copy_…

Uploading /local_disk0/repl_tmp_data/ReplId-19fb4-0d180-2/tmpx1qhdunm/model/artifacts/mmd_probe_artifact/copy_…

Uploading /local_disk0/repl_tmp_data/ReplId-19fb4-0d180-2/tmpx1qhdunm/model/artifacts/mmd_probe_artifact/copy_…

Uploading /local_disk0/repl_tmp_data/ReplId-19fb4-0d180-2/tmpx1qhdunm/model/artifacts/mmd_probe_artifact/copy_…

Uploading /local_disk0/repl_tmp_data/ReplId-19fb4-0d180-2/tmpx1qhdunm/model/artifacts/mmd_probe_artifact/copy_…

Uploading /local_disk0/repl_tmp_data/ReplId-19fb4-0d180-2/tmpx1qhdunm/model/artifacts/mmd_probe_artifact/copy_…

Uploading /local_disk0/repl_tmp_data/ReplId-19fb4-0d180-2/tmpx1qhdunm/model/artifacts/mmd_probe_artifact/copy_…

Uploading /local_disk0/repl_tmp_data/ReplId-19fb4-0d180-2/tmpx1qhdunm/model/artifacts/mmd_probe_artifact/copy_…

Uploading /local_disk0/repl_tmp_data/ReplId-19fb4-0d180-2/tmpx1qhdunm/model/artifacts/mmd_probe_artifact/copy_…

Uploading /local_disk0/repl_tmp_data/ReplId-19fb4-0d180-2/tmpx1qhdunm/model/artifacts/mmd_probe_artifact/copy_…

Uploading /local_disk0/repl_tmp_data/ReplId-19fb4-0d180-2/tmpx1qhdunm/model/artifacts/mmd_probe_artifact/copy_…

Uploading /local_disk0/repl_tmp_data/ReplId-19fb4-0d180-2/tmpx1qhdunm/model/artifacts/mmd_probe_artifact/copy_…

Uploading /local_disk0/repl_tmp_data/ReplId-19fb4-0d180-2/tmpx1qhdunm/model/artifacts/mmd_probe_artifact/copy_…

Uploading /local_disk0/repl_tmp_data/ReplId-19fb4-0d180-2/tmpx1qhdunm/model/artifacts/mmd_probe_artifact/copy_…

Uploading /local_disk0/repl_tmp_data/ReplId-19fb4-0d180-2/tmpx1qhdunm/model/artifacts/mmd_probe_artifact/copy_…

Uploading /local_disk0/repl_tmp_data/ReplId-19fb4-0d180-2/tmpx1qhdunm/model/artifacts/mmd_probe_artifact/copy_…

Uploading /local_disk0/repl_tmp_data/ReplId-19fb4-0d180-2/tmpx1qhdunm/model/artifacts/mmd_probe_artifact/copy_…

Uploading /local_disk0/repl_tmp_data/ReplId-19fb4-0d180-2/tmpx1qhdunm/model/artifacts/mmd_probe_artifact/copy_…

Uploading /local_disk0/repl_tmp_data/ReplId-19fb4-0d180-2/tmpx1qhdunm/model/artifacts/mmd_probe_artifact/copy_…

Uploading /local_disk0/repl_tmp_data/ReplId-19fb4-0d180-2/tmpx1qhdunm/model/artifacts/mmd_probe_artifact/copy_…

Uploading /local_disk0/repl_tmp_data/ReplId-19fb4-0d180-2/tmpx1qhdunm/model/artifacts/mmd_probe_artifact/copy_…

Uploading /local_disk0/repl_tmp_data/ReplId-19fb4-0d180-2/tmpx1qhdunm/model/artifacts/mmd_probe_artifact/copy_…

Uploading /local_disk0/repl_tmp_data/ReplId-19fb4-0d180-2/tmpx1qhdunm/model/artifacts/mmd_probe_artifact/copy_…

Uploading /local_disk0/repl_tmp_data/ReplId-19fb4-0d180-2/tmpx1qhdunm/model/artifacts/mmd_probe_artifact/copy_…

Uploading /local_disk0/repl_tmp_data/ReplId-19fb4-0d180-2/tmpx1qhdunm/model/artifacts/mmd_probe_artifact/copy_…

Uploading /local_disk0/repl_tmp_data/ReplId-19fb4-0d180-2/tmpx1qhdunm/model/artifacts/mmd_probe_artifact/copy_…

Uploading /local_disk0/repl_tmp_data/ReplId-19fb4-0d180-2/tmpx1qhdunm/model/artifacts/mmd_probe_artifact/copy_…

Uploading /local_disk0/repl_tmp_data/ReplId-19fb4-0d180-2/tmpx1qhdunm/model/artifacts/mmd_probe_artifact/copy_…

Uploading /local_disk0/repl_tmp_data/ReplId-19fb4-0d180-2/tmpx1qhdunm/model/artifacts/mmd_probe_artifact/copy_…

Uploading /local_disk0/repl_tmp_data/ReplId-19fb4-0d180-2/tmpx1qhdunm/model/artifacts/mmd_probe_artifact/copy_…

Uploading /local_disk0/repl_tmp_data/ReplId-19fb4-0d180-2/tmpx1qhdunm/model/artifacts/mmd_probe_artifact/copy_…

Uploading /local_disk0/repl_tmp_data/ReplId-19fb4-0d180-2/tmpx1qhdunm/model/artifacts/mmd_probe_artifact/copy_…

Uploading /local_disk0/repl_tmp_data/ReplId-19fb4-0d180-2/tmpx1qhdunm/model/artifacts/mmd_probe_artifact/copy_…

Uploading /local_disk0/repl_tmp_data/ReplId-19fb4-0d180-2/tmpx1qhdunm/model/artifacts/mmd_probe_artifact/copy_…

Uploading /local_disk0/repl_tmp_data/ReplId-19fb4-0d180-2/tmpx1qhdunm/model/artifacts/mmd_probe_artifact/copy_…

Uploading /local_disk0/repl_tmp_data/ReplId-19fb4-0d180-2/tmpx1qhdunm/model/artifacts/mmd_probe_artifact/copy_…

Uploading /local_disk0/repl_tmp_data/ReplId-19fb4-0d180-2/tmpx1qhdunm/model/artifacts/mmd_probe_artifact/copy_…

Uploading /local_disk0/repl_tmp_data/ReplId-19fb4-0d180-2/tmpx1qhdunm/model/artifacts/mmd_probe_artifact/copy_…

Uploading /local_disk0/repl_tmp_data/ReplId-19fb4-0d180-2/tmpx1qhdunm/model/artifacts/mmd_probe_artifact/copy_…

Uploading /local_disk0/repl_tmp_data/ReplId-19fb4-0d180-2/tmpx1qhdunm/model/artifacts/mmd_probe_artifact/copy_…

Uploading /local_disk0/repl_tmp_data/ReplId-19fb4-0d180-2/tmpx1qhdunm/model/artifacts/mmd_probe_artifact/copy_…

Uploading /local_disk0/repl_tmp_data/ReplId-19fb4-0d180-2/tmpx1qhdunm/model/artifacts/mmd_probe_artifact/copy_…

Uploading /local_disk0/repl_tmp_data/ReplId-19fb4-0d180-2/tmpx1qhdunm/model/artifacts/mmd_probe_artifact/copy_…

Uploading /local_disk0/repl_tmp_data/ReplId-19fb4-0d180-2/tmpx1qhdunm/model/artifacts/mmd_probe_artifact/copy_…

Uploading /local_disk0/repl_tmp_data/ReplId-19fb4-0d180-2/tmpx1qhdunm/model/artifacts/mmd_probe_artifact/copy_…

Uploading /local_disk0/repl_tmp_data/ReplId-19fb4-0d180-2/tmpx1qhdunm/model/artifacts/mmd_probe_artifact/copy_…

Uploading /local_disk0/repl_tmp_data/ReplId-19fb4-0d180-2/tmpx1qhdunm/model/artifacts/mmd_probe_artifact/copy_…

Uploading /local_disk0/repl_tmp_data/ReplId-19fb4-0d180-2/tmpx1qhdunm/model/artifacts/mmd_probe_artifact/copy_…

Uploading /local_disk0/repl_tmp_data/ReplId-19fb4-0d180-2/tmpx1qhdunm/model/artifacts/mmd_probe_artifact/copy_…

Uploading /local_disk0/repl_tmp_data/ReplId-19fb4-0d180-2/tmpx1qhdunm/model/artifacts/mmd_probe_artifact/copy_…

Uploading /local_disk0/repl_tmp_data/ReplId-19fb4-0d180-2/tmpx1qhdunm/model/artifacts/mmd_probe_artifact/copy_…

Uploading /local_disk0/repl_tmp_data/ReplId-19fb4-0d180-2/tmpx1qhdunm/model/artifacts/mmd_probe_artifact/copy_…

Uploading /local_disk0/repl_tmp_data/ReplId-19fb4-0d180-2/tmpx1qhdunm/model/artifacts/mmd_probe_artifact/copy_…

Uploading /local_disk0/repl_tmp_data/ReplId-19fb4-0d180-2/tmpx1qhdunm/model/artifacts/mmd_probe_artifact/copy_…

Uploading /local_disk0/repl_tmp_data/ReplId-19fb4-0d180-2/tmpx1qhdunm/model/artifacts/mmd_probe_artifact/copy_…

Uploading /local_disk0/repl_tmp_data/ReplId-19fb4-0d180-2/tmpx1qhdunm/model/artifacts/mmd_probe_artifact/copy_…

Uploading /local_disk0/repl_tmp_data/ReplId-19fb4-0d180-2/tmpx1qhdunm/model/artifacts/mmd_probe_artifact/copy_…

Uploading /local_disk0/repl_tmp_data/ReplId-19fb4-0d180-2/tmpx1qhdunm/model/artifacts/mmd_probe_artifact/copy_…

Uploading /local_disk0/repl_tmp_data/ReplId-19fb4-0d180-2/tmpx1qhdunm/model/artifacts/mmd_probe_artifact/copy_…

🔗 Created version '13' of model 'users.akil_thomas.mmd_storage_probe': https://e2-demo-field-eng.cloud.databricks.com/explore/data/models/users/akil_thomas/mmd_storage_probe/version/13?o=1444828305810485


🏃 View run youthful-shrew-150 at: https://e2-demo-field-eng.cloud.databricks.com/ml/experiments/4004452056458895/runs/21fee5ef567a43b0bb1bbbc62be32c37
🧪 View experiment at: https://e2-demo-field-eng.cloud.databricks.com/ml/experiments/4004452056458895
  registered models:/users.akil_thomas.mmd_storage_probe/13
Deploying endpoint 'mmd-storage-probe-100gb' (workload=Large) …
  submitted. status: ready=NOT_READY config_update=IN_PROGRESS
  Poll readiness with: dbrx-mmd capacity endpoint-status --endpoint mmd-storage-probe-100gb
  A size rejection / image-build failure surfaces as UPDATE_FAILED.
