Run URL: https://e2-demo-field-eng.cloud.databricks.com/?o=1444828305810485#job/848463234628886/run/749400274412468

2026-07-28 17:46:25 "[dev akil_thomas] [dev] mmd-storage-probe" RUNNING
2026-07-28 18:52:38 "[dev akil_thomas] [dev] mmd-storage-probe" TERMINATED SUCCESS
/databricks/python/lib/python3.12/site-packages/mlflow/pyfunc/utils/data_validation.py:186: UserWarning: [33mAdd type hints to the `predict` method to enable data validation and automatic signature inference during model logging. Check https://mlflow.org/docs/latest/model/python_model.html#type-hint-usage-in-pythonmodel for more details.[0m
  color_warning(


Replicating /Volumes/users/akil_thomas/mlflow_artifacts/NORTHEAST/bundle_parquet (72.27 GB) up to ~750 GB …
  11 copies → 795.00 GB at /local_disk0/mmd_probe_artifact
Logging probe model to UC: users.akil_thomas.mmd_storage_probe (experiment /Users/akil.thomas@databricks.com/mmd_storage_probe) …


🔗 View Logged Model at: https://e2-demo-field-eng.cloud.databricks.com/ml/experiments/4004452056458895/models/m-838436256ee84c88ad24ed3b9780d9d8?o=1444828305810485
/databricks/python/lib/python3.12/site-packages/mlflow/pyfunc/utils/data_validation.py:186: UserWarning: [33mAdd type hints to the `predict` method to enable data validation and automatic signature inference during model logging. Check https://mlflow.org/docs/latest/model/python_model.html#type-hint-usage-in-pythonmodel for more details.[0m
  color_warning(
/databricks/python/lib/python3.12/site-packages/mlflow/pyfunc/__init__.py:3262: UserWarning: [1;33mAn input example was not provided when logging the model. To ensure the model signature functions correctly, specify the `input_example` parameter. See https://mlflow.org/docs/latest/model/signatures.html#model-input-example for more details about the benefits of using input_example.[0m
  color_warning(


Downloading artifacts:   0%|          | 0/7029 [00:00<?, ?it/s]

Registered model 'users.akil_thomas.mmd_storage_probe' already exists. Creating a new version of this model...


Uploading artifacts:   0%|          | 0/7038 [00:00<?, ?it/s]

Uploading /local_disk0/repl_tmp_data/ReplId-19faa-b205f-f/tmpl56w6dva/model/artifacts/mmd_probe_artifact/copy_…

Uploading /local_disk0/repl_tmp_data/ReplId-19faa-b205f-f/tmpl56w6dva/model/artifacts/mmd_probe_artifact/copy_…

Uploading /local_disk0/repl_tmp_data/ReplId-19faa-b205f-f/tmpl56w6dva/model/artifacts/mmd_probe_artifact/copy_…

Uploading /local_disk0/repl_tmp_data/ReplId-19faa-b205f-f/tmpl56w6dva/model/artifacts/mmd_probe_artifact/copy_…

Uploading /local_disk0/repl_tmp_data/ReplId-19faa-b205f-f/tmpl56w6dva/model/artifacts/mmd_probe_artifact/copy_…

Uploading /local_disk0/repl_tmp_data/ReplId-19faa-b205f-f/tmpl56w6dva/model/artifacts/mmd_probe_artifact/copy_…

Uploading /local_disk0/repl_tmp_data/ReplId-19faa-b205f-f/tmpl56w6dva/model/artifacts/mmd_probe_artifact/copy_…

Uploading /local_disk0/repl_tmp_data/ReplId-19faa-b205f-f/tmpl56w6dva/model/artifacts/mmd_probe_artifact/copy_…

Uploading /local_disk0/repl_tmp_data/ReplId-19faa-b205f-f/tmpl56w6dva/model/artifacts/mmd_probe_artifact/copy_…

Uploading /local_disk0/repl_tmp_data/ReplId-19faa-b205f-f/tmpl56w6dva/model/artifacts/mmd_probe_artifact/copy_…

Uploading /local_disk0/repl_tmp_data/ReplId-19faa-b205f-f/tmpl56w6dva/model/artifacts/mmd_probe_artifact/copy_…

Uploading /local_disk0/repl_tmp_data/ReplId-19faa-b205f-f/tmpl56w6dva/model/artifacts/mmd_probe_artifact/copy_…

Uploading /local_disk0/repl_tmp_data/ReplId-19faa-b205f-f/tmpl56w6dva/model/artifacts/mmd_probe_artifact/copy_…

Uploading /local_disk0/repl_tmp_data/ReplId-19faa-b205f-f/tmpl56w6dva/model/artifacts/mmd_probe_artifact/copy_…

Uploading /local_disk0/repl_tmp_data/ReplId-19faa-b205f-f/tmpl56w6dva/model/artifacts/mmd_probe_artifact/copy_…

Uploading /local_disk0/repl_tmp_data/ReplId-19faa-b205f-f/tmpl56w6dva/model/artifacts/mmd_probe_artifact/copy_…

Uploading /local_disk0/repl_tmp_data/ReplId-19faa-b205f-f/tmpl56w6dva/model/artifacts/mmd_probe_artifact/copy_…

Uploading /local_disk0/repl_tmp_data/ReplId-19faa-b205f-f/tmpl56w6dva/model/artifacts/mmd_probe_artifact/copy_…

Uploading /local_disk0/repl_tmp_data/ReplId-19faa-b205f-f/tmpl56w6dva/model/artifacts/mmd_probe_artifact/copy_…

Uploading /local_disk0/repl_tmp_data/ReplId-19faa-b205f-f/tmpl56w6dva/model/artifacts/mmd_probe_artifact/copy_…

Uploading /local_disk0/repl_tmp_data/ReplId-19faa-b205f-f/tmpl56w6dva/model/artifacts/mmd_probe_artifact/copy_…

Uploading /local_disk0/repl_tmp_data/ReplId-19faa-b205f-f/tmpl56w6dva/model/artifacts/mmd_probe_artifact/copy_…

Uploading /local_disk0/repl_tmp_data/ReplId-19faa-b205f-f/tmpl56w6dva/model/artifacts/mmd_probe_artifact/copy_…

Uploading /local_disk0/repl_tmp_data/ReplId-19faa-b205f-f/tmpl56w6dva/model/artifacts/mmd_probe_artifact/copy_…

Uploading /local_disk0/repl_tmp_data/ReplId-19faa-b205f-f/tmpl56w6dva/model/artifacts/mmd_probe_artifact/copy_…

Uploading /local_disk0/repl_tmp_data/ReplId-19faa-b205f-f/tmpl56w6dva/model/artifacts/mmd_probe_artifact/copy_…

Uploading /local_disk0/repl_tmp_data/ReplId-19faa-b205f-f/tmpl56w6dva/model/artifacts/mmd_probe_artifact/copy_…

Uploading /local_disk0/repl_tmp_data/ReplId-19faa-b205f-f/tmpl56w6dva/model/artifacts/mmd_probe_artifact/copy_…

Uploading /local_disk0/repl_tmp_data/ReplId-19faa-b205f-f/tmpl56w6dva/model/artifacts/mmd_probe_artifact/copy_…

Uploading /local_disk0/repl_tmp_data/ReplId-19faa-b205f-f/tmpl56w6dva/model/artifacts/mmd_probe_artifact/copy_…

Uploading /local_disk0/repl_tmp_data/ReplId-19faa-b205f-f/tmpl56w6dva/model/artifacts/mmd_probe_artifact/copy_…

Uploading /local_disk0/repl_tmp_data/ReplId-19faa-b205f-f/tmpl56w6dva/model/artifacts/mmd_probe_artifact/copy_…

Uploading /local_disk0/repl_tmp_data/ReplId-19faa-b205f-f/tmpl56w6dva/model/artifacts/mmd_probe_artifact/copy_…

Uploading /local_disk0/repl_tmp_data/ReplId-19faa-b205f-f/tmpl56w6dva/model/artifacts/mmd_probe_artifact/copy_…

Uploading /local_disk0/repl_tmp_data/ReplId-19faa-b205f-f/tmpl56w6dva/model/artifacts/mmd_probe_artifact/copy_…

Uploading /local_disk0/repl_tmp_data/ReplId-19faa-b205f-f/tmpl56w6dva/model/artifacts/mmd_probe_artifact/copy_…

Uploading /local_disk0/repl_tmp_data/ReplId-19faa-b205f-f/tmpl56w6dva/model/artifacts/mmd_probe_artifact/copy_…

Uploading /local_disk0/repl_tmp_data/ReplId-19faa-b205f-f/tmpl56w6dva/model/artifacts/mmd_probe_artifact/copy_…

Uploading /local_disk0/repl_tmp_data/ReplId-19faa-b205f-f/tmpl56w6dva/model/artifacts/mmd_probe_artifact/copy_…

Uploading /local_disk0/repl_tmp_data/ReplId-19faa-b205f-f/tmpl56w6dva/model/artifacts/mmd_probe_artifact/copy_…

Uploading /local_disk0/repl_tmp_data/ReplId-19faa-b205f-f/tmpl56w6dva/model/artifacts/mmd_probe_artifact/copy_…

Uploading /local_disk0/repl_tmp_data/ReplId-19faa-b205f-f/tmpl56w6dva/model/artifacts/mmd_probe_artifact/copy_…

Uploading /local_disk0/repl_tmp_data/ReplId-19faa-b205f-f/tmpl56w6dva/model/artifacts/mmd_probe_artifact/copy_…

Uploading /local_disk0/repl_tmp_data/ReplId-19faa-b205f-f/tmpl56w6dva/model/artifacts/mmd_probe_artifact/copy_…

Uploading /local_disk0/repl_tmp_data/ReplId-19faa-b205f-f/tmpl56w6dva/model/artifacts/mmd_probe_artifact/copy_…

Uploading /local_disk0/repl_tmp_data/ReplId-19faa-b205f-f/tmpl56w6dva/model/artifacts/mmd_probe_artifact/copy_…

Uploading /local_disk0/repl_tmp_data/ReplId-19faa-b205f-f/tmpl56w6dva/model/artifacts/mmd_probe_artifact/copy_…

Uploading /local_disk0/repl_tmp_data/ReplId-19faa-b205f-f/tmpl56w6dva/model/artifacts/mmd_probe_artifact/copy_…

Uploading /local_disk0/repl_tmp_data/ReplId-19faa-b205f-f/tmpl56w6dva/model/artifacts/mmd_probe_artifact/copy_…

Uploading /local_disk0/repl_tmp_data/ReplId-19faa-b205f-f/tmpl56w6dva/model/artifacts/mmd_probe_artifact/copy_…

Uploading /local_disk0/repl_tmp_data/ReplId-19faa-b205f-f/tmpl56w6dva/model/artifacts/mmd_probe_artifact/copy_…

Uploading /local_disk0/repl_tmp_data/ReplId-19faa-b205f-f/tmpl56w6dva/model/artifacts/mmd_probe_artifact/copy_…

Uploading /local_disk0/repl_tmp_data/ReplId-19faa-b205f-f/tmpl56w6dva/model/artifacts/mmd_probe_artifact/copy_…

Uploading /local_disk0/repl_tmp_data/ReplId-19faa-b205f-f/tmpl56w6dva/model/artifacts/mmd_probe_artifact/copy_…

Uploading /local_disk0/repl_tmp_data/ReplId-19faa-b205f-f/tmpl56w6dva/model/artifacts/mmd_probe_artifact/copy_…

Uploading /local_disk0/repl_tmp_data/ReplId-19faa-b205f-f/tmpl56w6dva/model/artifacts/mmd_probe_artifact/copy_…

Uploading /local_disk0/repl_tmp_data/ReplId-19faa-b205f-f/tmpl56w6dva/model/artifacts/mmd_probe_artifact/copy_…

Uploading /local_disk0/repl_tmp_data/ReplId-19faa-b205f-f/tmpl56w6dva/model/artifacts/mmd_probe_artifact/copy_…

Uploading /local_disk0/repl_tmp_data/ReplId-19faa-b205f-f/tmpl56w6dva/model/artifacts/mmd_probe_artifact/copy_…

Uploading /local_disk0/repl_tmp_data/ReplId-19faa-b205f-f/tmpl56w6dva/model/artifacts/mmd_probe_artifact/copy_…

Uploading /local_disk0/repl_tmp_data/ReplId-19faa-b205f-f/tmpl56w6dva/model/artifacts/mmd_probe_artifact/copy_…

Uploading /local_disk0/repl_tmp_data/ReplId-19faa-b205f-f/tmpl56w6dva/model/artifacts/mmd_probe_artifact/copy_…

Uploading /local_disk0/repl_tmp_data/ReplId-19faa-b205f-f/tmpl56w6dva/model/artifacts/mmd_probe_artifact/copy_…

Uploading /local_disk0/repl_tmp_data/ReplId-19faa-b205f-f/tmpl56w6dva/model/artifacts/mmd_probe_artifact/copy_…

Uploading /local_disk0/repl_tmp_data/ReplId-19faa-b205f-f/tmpl56w6dva/model/artifacts/mmd_probe_artifact/copy_…

Uploading /local_disk0/repl_tmp_data/ReplId-19faa-b205f-f/tmpl56w6dva/model/artifacts/mmd_probe_artifact/copy_…

Uploading /local_disk0/repl_tmp_data/ReplId-19faa-b205f-f/tmpl56w6dva/model/artifacts/mmd_probe_artifact/copy_…

Uploading /local_disk0/repl_tmp_data/ReplId-19faa-b205f-f/tmpl56w6dva/model/artifacts/mmd_probe_artifact/copy_…

Uploading /local_disk0/repl_tmp_data/ReplId-19faa-b205f-f/tmpl56w6dva/model/artifacts/mmd_probe_artifact/copy_…

Uploading /local_disk0/repl_tmp_data/ReplId-19faa-b205f-f/tmpl56w6dva/model/artifacts/mmd_probe_artifact/copy_…

Uploading /local_disk0/repl_tmp_data/ReplId-19faa-b205f-f/tmpl56w6dva/model/artifacts/mmd_probe_artifact/copy_…

Uploading /local_disk0/repl_tmp_data/ReplId-19faa-b205f-f/tmpl56w6dva/model/artifacts/mmd_probe_artifact/copy_…

Uploading /local_disk0/repl_tmp_data/ReplId-19faa-b205f-f/tmpl56w6dva/model/artifacts/mmd_probe_artifact/copy_…

Uploading /local_disk0/repl_tmp_data/ReplId-19faa-b205f-f/tmpl56w6dva/model/artifacts/mmd_probe_artifact/copy_…

Uploading /local_disk0/repl_tmp_data/ReplId-19faa-b205f-f/tmpl56w6dva/model/artifacts/mmd_probe_artifact/copy_…

Uploading /local_disk0/repl_tmp_data/ReplId-19faa-b205f-f/tmpl56w6dva/model/artifacts/mmd_probe_artifact/copy_…

Uploading /local_disk0/repl_tmp_data/ReplId-19faa-b205f-f/tmpl56w6dva/model/artifacts/mmd_probe_artifact/copy_…

Uploading /local_disk0/repl_tmp_data/ReplId-19faa-b205f-f/tmpl56w6dva/model/artifacts/mmd_probe_artifact/copy_…

Uploading /local_disk0/repl_tmp_data/ReplId-19faa-b205f-f/tmpl56w6dva/model/artifacts/mmd_probe_artifact/copy_…

Uploading /local_disk0/repl_tmp_data/ReplId-19faa-b205f-f/tmpl56w6dva/model/artifacts/mmd_probe_artifact/copy_…

Uploading /local_disk0/repl_tmp_data/ReplId-19faa-b205f-f/tmpl56w6dva/model/artifacts/mmd_probe_artifact/copy_…

Uploading /local_disk0/repl_tmp_data/ReplId-19faa-b205f-f/tmpl56w6dva/model/artifacts/mmd_probe_artifact/copy_…

Uploading /local_disk0/repl_tmp_data/ReplId-19faa-b205f-f/tmpl56w6dva/model/artifacts/mmd_probe_artifact/copy_…

Uploading /local_disk0/repl_tmp_data/ReplId-19faa-b205f-f/tmpl56w6dva/model/artifacts/mmd_probe_artifact/copy_…

Uploading /local_disk0/repl_tmp_data/ReplId-19faa-b205f-f/tmpl56w6dva/model/artifacts/mmd_probe_artifact/copy_…

Uploading /local_disk0/repl_tmp_data/ReplId-19faa-b205f-f/tmpl56w6dva/model/artifacts/mmd_probe_artifact/copy_…

Uploading /local_disk0/repl_tmp_data/ReplId-19faa-b205f-f/tmpl56w6dva/model/artifacts/mmd_probe_artifact/copy_…

Uploading /local_disk0/repl_tmp_data/ReplId-19faa-b205f-f/tmpl56w6dva/model/artifacts/mmd_probe_artifact/copy_…

Uploading /local_disk0/repl_tmp_data/ReplId-19faa-b205f-f/tmpl56w6dva/model/artifacts/mmd_probe_artifact/copy_…

Uploading /local_disk0/repl_tmp_data/ReplId-19faa-b205f-f/tmpl56w6dva/model/artifacts/mmd_probe_artifact/copy_…

Uploading /local_disk0/repl_tmp_data/ReplId-19faa-b205f-f/tmpl56w6dva/model/artifacts/mmd_probe_artifact/copy_…

Uploading /local_disk0/repl_tmp_data/ReplId-19faa-b205f-f/tmpl56w6dva/model/artifacts/mmd_probe_artifact/copy_…

Uploading /local_disk0/repl_tmp_data/ReplId-19faa-b205f-f/tmpl56w6dva/model/artifacts/mmd_probe_artifact/copy_…

Uploading /local_disk0/repl_tmp_data/ReplId-19faa-b205f-f/tmpl56w6dva/model/artifacts/mmd_probe_artifact/copy_…

Uploading /local_disk0/repl_tmp_data/ReplId-19faa-b205f-f/tmpl56w6dva/model/artifacts/mmd_probe_artifact/copy_…

Uploading /local_disk0/repl_tmp_data/ReplId-19faa-b205f-f/tmpl56w6dva/model/artifacts/mmd_probe_artifact/copy_…

Uploading /local_disk0/repl_tmp_data/ReplId-19faa-b205f-f/tmpl56w6dva/model/artifacts/mmd_probe_artifact/copy_…

Uploading /local_disk0/repl_tmp_data/ReplId-19faa-b205f-f/tmpl56w6dva/model/artifacts/mmd_probe_artifact/copy_…

Uploading /local_disk0/repl_tmp_data/ReplId-19faa-b205f-f/tmpl56w6dva/model/artifacts/mmd_probe_artifact/copy_…

Uploading /local_disk0/repl_tmp_data/ReplId-19faa-b205f-f/tmpl56w6dva/model/artifacts/mmd_probe_artifact/copy_…

Uploading /local_disk0/repl_tmp_data/ReplId-19faa-b205f-f/tmpl56w6dva/model/artifacts/mmd_probe_artifact/copy_…

Uploading /local_disk0/repl_tmp_data/ReplId-19faa-b205f-f/tmpl56w6dva/model/artifacts/mmd_probe_artifact/copy_…

Uploading /local_disk0/repl_tmp_data/ReplId-19faa-b205f-f/tmpl56w6dva/model/artifacts/mmd_probe_artifact/copy_…

Uploading /local_disk0/repl_tmp_data/ReplId-19faa-b205f-f/tmpl56w6dva/model/artifacts/mmd_probe_artifact/copy_…

Uploading /local_disk0/repl_tmp_data/ReplId-19faa-b205f-f/tmpl56w6dva/model/artifacts/mmd_probe_artifact/copy_…

Uploading /local_disk0/repl_tmp_data/ReplId-19faa-b205f-f/tmpl56w6dva/model/artifacts/mmd_probe_artifact/copy_…

Uploading /local_disk0/repl_tmp_data/ReplId-19faa-b205f-f/tmpl56w6dva/model/artifacts/mmd_probe_artifact/copy_…

Uploading /local_disk0/repl_tmp_data/ReplId-19faa-b205f-f/tmpl56w6dva/model/artifacts/mmd_probe_artifact/copy_…

Uploading /local_disk0/repl_tmp_data/ReplId-19faa-b205f-f/tmpl56w6dva/model/artifacts/mmd_probe_artifact/copy_…

Uploading /local_disk0/repl_tmp_data/ReplId-19faa-b205f-f/tmpl56w6dva/model/artifacts/mmd_probe_artifact/copy_…

Uploading /local_disk0/repl_tmp_data/ReplId-19faa-b205f-f/tmpl56w6dva/model/artifacts/mmd_probe_artifact/copy_…

Uploading /local_disk0/repl_tmp_data/ReplId-19faa-b205f-f/tmpl56w6dva/model/artifacts/mmd_probe_artifact/copy_…

Uploading /local_disk0/repl_tmp_data/ReplId-19faa-b205f-f/tmpl56w6dva/model/artifacts/mmd_probe_artifact/copy_…

Uploading /local_disk0/repl_tmp_data/ReplId-19faa-b205f-f/tmpl56w6dva/model/artifacts/mmd_probe_artifact/copy_…

Uploading /local_disk0/repl_tmp_data/ReplId-19faa-b205f-f/tmpl56w6dva/model/artifacts/mmd_probe_artifact/copy_…

Uploading /local_disk0/repl_tmp_data/ReplId-19faa-b205f-f/tmpl56w6dva/model/artifacts/mmd_probe_artifact/copy_…

Uploading /local_disk0/repl_tmp_data/ReplId-19faa-b205f-f/tmpl56w6dva/model/artifacts/mmd_probe_artifact/copy_…

Uploading /local_disk0/repl_tmp_data/ReplId-19faa-b205f-f/tmpl56w6dva/model/artifacts/mmd_probe_artifact/copy_…

Uploading /local_disk0/repl_tmp_data/ReplId-19faa-b205f-f/tmpl56w6dva/model/artifacts/mmd_probe_artifact/copy_…

Uploading /local_disk0/repl_tmp_data/ReplId-19faa-b205f-f/tmpl56w6dva/model/artifacts/mmd_probe_artifact/copy_…

Uploading /local_disk0/repl_tmp_data/ReplId-19faa-b205f-f/tmpl56w6dva/model/artifacts/mmd_probe_artifact/copy_…

Uploading /local_disk0/repl_tmp_data/ReplId-19faa-b205f-f/tmpl56w6dva/model/artifacts/mmd_probe_artifact/copy_…

Uploading /local_disk0/repl_tmp_data/ReplId-19faa-b205f-f/tmpl56w6dva/model/artifacts/mmd_probe_artifact/copy_…

Uploading /local_disk0/repl_tmp_data/ReplId-19faa-b205f-f/tmpl56w6dva/model/artifacts/mmd_probe_artifact/copy_…

Uploading /local_disk0/repl_tmp_data/ReplId-19faa-b205f-f/tmpl56w6dva/model/artifacts/mmd_probe_artifact/copy_…

Uploading /local_disk0/repl_tmp_data/ReplId-19faa-b205f-f/tmpl56w6dva/model/artifacts/mmd_probe_artifact/copy_…

Uploading /local_disk0/repl_tmp_data/ReplId-19faa-b205f-f/tmpl56w6dva/model/artifacts/mmd_probe_artifact/copy_…

Uploading /local_disk0/repl_tmp_data/ReplId-19faa-b205f-f/tmpl56w6dva/model/artifacts/mmd_probe_artifact/copy_…

Uploading /local_disk0/repl_tmp_data/ReplId-19faa-b205f-f/tmpl56w6dva/model/artifacts/mmd_probe_artifact/copy_…

Uploading /local_disk0/repl_tmp_data/ReplId-19faa-b205f-f/tmpl56w6dva/model/artifacts/mmd_probe_artifact/copy_…

Uploading /local_disk0/repl_tmp_data/ReplId-19faa-b205f-f/tmpl56w6dva/model/artifacts/mmd_probe_artifact/copy_…

Uploading /local_disk0/repl_tmp_data/ReplId-19faa-b205f-f/tmpl56w6dva/model/artifacts/mmd_probe_artifact/copy_…

Uploading /local_disk0/repl_tmp_data/ReplId-19faa-b205f-f/tmpl56w6dva/model/artifacts/mmd_probe_artifact/copy_…

Uploading /local_disk0/repl_tmp_data/ReplId-19faa-b205f-f/tmpl56w6dva/model/artifacts/mmd_probe_artifact/copy_…

Uploading /local_disk0/repl_tmp_data/ReplId-19faa-b205f-f/tmpl56w6dva/model/artifacts/mmd_probe_artifact/copy_…

Uploading /local_disk0/repl_tmp_data/ReplId-19faa-b205f-f/tmpl56w6dva/model/artifacts/mmd_probe_artifact/copy_…

Uploading /local_disk0/repl_tmp_data/ReplId-19faa-b205f-f/tmpl56w6dva/model/artifacts/mmd_probe_artifact/copy_…

Uploading /local_disk0/repl_tmp_data/ReplId-19faa-b205f-f/tmpl56w6dva/model/artifacts/mmd_probe_artifact/copy_…

Uploading /local_disk0/repl_tmp_data/ReplId-19faa-b205f-f/tmpl56w6dva/model/artifacts/mmd_probe_artifact/copy_…

Uploading /local_disk0/repl_tmp_data/ReplId-19faa-b205f-f/tmpl56w6dva/model/artifacts/mmd_probe_artifact/copy_…

Uploading /local_disk0/repl_tmp_data/ReplId-19faa-b205f-f/tmpl56w6dva/model/artifacts/mmd_probe_artifact/copy_…

Uploading /local_disk0/repl_tmp_data/ReplId-19faa-b205f-f/tmpl56w6dva/model/artifacts/mmd_probe_artifact/copy_…

Uploading /local_disk0/repl_tmp_data/ReplId-19faa-b205f-f/tmpl56w6dva/model/artifacts/mmd_probe_artifact/copy_…

Uploading /local_disk0/repl_tmp_data/ReplId-19faa-b205f-f/tmpl56w6dva/model/artifacts/mmd_probe_artifact/copy_…

Uploading /local_disk0/repl_tmp_data/ReplId-19faa-b205f-f/tmpl56w6dva/model/artifacts/mmd_probe_artifact/copy_…

Uploading /local_disk0/repl_tmp_data/ReplId-19faa-b205f-f/tmpl56w6dva/model/artifacts/mmd_probe_artifact/copy_…

Uploading /local_disk0/repl_tmp_data/ReplId-19faa-b205f-f/tmpl56w6dva/model/artifacts/mmd_probe_artifact/copy_…

Uploading /local_disk0/repl_tmp_data/ReplId-19faa-b205f-f/tmpl56w6dva/model/artifacts/mmd_probe_artifact/copy_…

Uploading /local_disk0/repl_tmp_data/ReplId-19faa-b205f-f/tmpl56w6dva/model/artifacts/mmd_probe_artifact/copy_…

Uploading /local_disk0/repl_tmp_data/ReplId-19faa-b205f-f/tmpl56w6dva/model/artifacts/mmd_probe_artifact/copy_…

Uploading /local_disk0/repl_tmp_data/ReplId-19faa-b205f-f/tmpl56w6dva/model/artifacts/mmd_probe_artifact/copy_…

Uploading /local_disk0/repl_tmp_data/ReplId-19faa-b205f-f/tmpl56w6dva/model/artifacts/mmd_probe_artifact/copy_…

Uploading /local_disk0/repl_tmp_data/ReplId-19faa-b205f-f/tmpl56w6dva/model/artifacts/mmd_probe_artifact/copy_…

Uploading /local_disk0/repl_tmp_data/ReplId-19faa-b205f-f/tmpl56w6dva/model/artifacts/mmd_probe_artifact/copy_…

Uploading /local_disk0/repl_tmp_data/ReplId-19faa-b205f-f/tmpl56w6dva/model/artifacts/mmd_probe_artifact/copy_…

Uploading /local_disk0/repl_tmp_data/ReplId-19faa-b205f-f/tmpl56w6dva/model/artifacts/mmd_probe_artifact/copy_…

Uploading /local_disk0/repl_tmp_data/ReplId-19faa-b205f-f/tmpl56w6dva/model/artifacts/mmd_probe_artifact/copy_…

Uploading /local_disk0/repl_tmp_data/ReplId-19faa-b205f-f/tmpl56w6dva/model/artifacts/mmd_probe_artifact/copy_…

Uploading /local_disk0/repl_tmp_data/ReplId-19faa-b205f-f/tmpl56w6dva/model/artifacts/mmd_probe_artifact/copy_…

Uploading /local_disk0/repl_tmp_data/ReplId-19faa-b205f-f/tmpl56w6dva/model/artifacts/mmd_probe_artifact/copy_…

Uploading /local_disk0/repl_tmp_data/ReplId-19faa-b205f-f/tmpl56w6dva/model/artifacts/mmd_probe_artifact/copy_…

Uploading /local_disk0/repl_tmp_data/ReplId-19faa-b205f-f/tmpl56w6dva/model/artifacts/mmd_probe_artifact/copy_…

Uploading /local_disk0/repl_tmp_data/ReplId-19faa-b205f-f/tmpl56w6dva/model/artifacts/mmd_probe_artifact/copy_…

Uploading /local_disk0/repl_tmp_data/ReplId-19faa-b205f-f/tmpl56w6dva/model/artifacts/mmd_probe_artifact/copy_…

Uploading /local_disk0/repl_tmp_data/ReplId-19faa-b205f-f/tmpl56w6dva/model/artifacts/mmd_probe_artifact/copy_…

Uploading /local_disk0/repl_tmp_data/ReplId-19faa-b205f-f/tmpl56w6dva/model/artifacts/mmd_probe_artifact/copy_…

Uploading /local_disk0/repl_tmp_data/ReplId-19faa-b205f-f/tmpl56w6dva/model/artifacts/mmd_probe_artifact/copy_…

Uploading /local_disk0/repl_tmp_data/ReplId-19faa-b205f-f/tmpl56w6dva/model/artifacts/mmd_probe_artifact/copy_…

Uploading /local_disk0/repl_tmp_data/ReplId-19faa-b205f-f/tmpl56w6dva/model/artifacts/mmd_probe_artifact/copy_…

Uploading /local_disk0/repl_tmp_data/ReplId-19faa-b205f-f/tmpl56w6dva/model/artifacts/mmd_probe_artifact/copy_…

Uploading /local_disk0/repl_tmp_data/ReplId-19faa-b205f-f/tmpl56w6dva/model/artifacts/mmd_probe_artifact/copy_…

Uploading /local_disk0/repl_tmp_data/ReplId-19faa-b205f-f/tmpl56w6dva/model/artifacts/mmd_probe_artifact/copy_…

Uploading /local_disk0/repl_tmp_data/ReplId-19faa-b205f-f/tmpl56w6dva/model/artifacts/mmd_probe_artifact/copy_…

Uploading /local_disk0/repl_tmp_data/ReplId-19faa-b205f-f/tmpl56w6dva/model/artifacts/mmd_probe_artifact/copy_…

Uploading /local_disk0/repl_tmp_data/ReplId-19faa-b205f-f/tmpl56w6dva/model/artifacts/mmd_probe_artifact/copy_…

Uploading /local_disk0/repl_tmp_data/ReplId-19faa-b205f-f/tmpl56w6dva/model/artifacts/mmd_probe_artifact/copy_…

Uploading /local_disk0/repl_tmp_data/ReplId-19faa-b205f-f/tmpl56w6dva/model/artifacts/mmd_probe_artifact/copy_…

Uploading /local_disk0/repl_tmp_data/ReplId-19faa-b205f-f/tmpl56w6dva/model/artifacts/mmd_probe_artifact/copy_…

Uploading /local_disk0/repl_tmp_data/ReplId-19faa-b205f-f/tmpl56w6dva/model/artifacts/mmd_probe_artifact/copy_…

Uploading /local_disk0/repl_tmp_data/ReplId-19faa-b205f-f/tmpl56w6dva/model/artifacts/mmd_probe_artifact/copy_…

Uploading /local_disk0/repl_tmp_data/ReplId-19faa-b205f-f/tmpl56w6dva/model/artifacts/mmd_probe_artifact/copy_…

Uploading /local_disk0/repl_tmp_data/ReplId-19faa-b205f-f/tmpl56w6dva/model/artifacts/mmd_probe_artifact/copy_…

Uploading /local_disk0/repl_tmp_data/ReplId-19faa-b205f-f/tmpl56w6dva/model/artifacts/mmd_probe_artifact/copy_…

Uploading /local_disk0/repl_tmp_data/ReplId-19faa-b205f-f/tmpl56w6dva/model/artifacts/mmd_probe_artifact/copy_…

Uploading /local_disk0/repl_tmp_data/ReplId-19faa-b205f-f/tmpl56w6dva/model/artifacts/mmd_probe_artifact/copy_…

Uploading /local_disk0/repl_tmp_data/ReplId-19faa-b205f-f/tmpl56w6dva/model/artifacts/mmd_probe_artifact/copy_…

Uploading /local_disk0/repl_tmp_data/ReplId-19faa-b205f-f/tmpl56w6dva/model/artifacts/mmd_probe_artifact/copy_…

Uploading /local_disk0/repl_tmp_data/ReplId-19faa-b205f-f/tmpl56w6dva/model/artifacts/mmd_probe_artifact/copy_…

Uploading /local_disk0/repl_tmp_data/ReplId-19faa-b205f-f/tmpl56w6dva/model/artifacts/mmd_probe_artifact/copy_…

Uploading /local_disk0/repl_tmp_data/ReplId-19faa-b205f-f/tmpl56w6dva/model/artifacts/mmd_probe_artifact/copy_…

Uploading /local_disk0/repl_tmp_data/ReplId-19faa-b205f-f/tmpl56w6dva/model/artifacts/mmd_probe_artifact/copy_…

Uploading /local_disk0/repl_tmp_data/ReplId-19faa-b205f-f/tmpl56w6dva/model/artifacts/mmd_probe_artifact/copy_…

Uploading /local_disk0/repl_tmp_data/ReplId-19faa-b205f-f/tmpl56w6dva/model/artifacts/mmd_probe_artifact/copy_…

Uploading /local_disk0/repl_tmp_data/ReplId-19faa-b205f-f/tmpl56w6dva/model/artifacts/mmd_probe_artifact/copy_…

Uploading /local_disk0/repl_tmp_data/ReplId-19faa-b205f-f/tmpl56w6dva/model/artifacts/mmd_probe_artifact/copy_…

Uploading /local_disk0/repl_tmp_data/ReplId-19faa-b205f-f/tmpl56w6dva/model/artifacts/mmd_probe_artifact/copy_…

Uploading /local_disk0/repl_tmp_data/ReplId-19faa-b205f-f/tmpl56w6dva/model/artifacts/mmd_probe_artifact/copy_…

Uploading /local_disk0/repl_tmp_data/ReplId-19faa-b205f-f/tmpl56w6dva/model/artifacts/mmd_probe_artifact/copy_…

Uploading /local_disk0/repl_tmp_data/ReplId-19faa-b205f-f/tmpl56w6dva/model/artifacts/mmd_probe_artifact/copy_…

Uploading /local_disk0/repl_tmp_data/ReplId-19faa-b205f-f/tmpl56w6dva/model/artifacts/mmd_probe_artifact/copy_…

Uploading /local_disk0/repl_tmp_data/ReplId-19faa-b205f-f/tmpl56w6dva/model/artifacts/mmd_probe_artifact/copy_…

Uploading /local_disk0/repl_tmp_data/ReplId-19faa-b205f-f/tmpl56w6dva/model/artifacts/mmd_probe_artifact/copy_…

Uploading /local_disk0/repl_tmp_data/ReplId-19faa-b205f-f/tmpl56w6dva/model/artifacts/mmd_probe_artifact/copy_…

Uploading /local_disk0/repl_tmp_data/ReplId-19faa-b205f-f/tmpl56w6dva/model/artifacts/mmd_probe_artifact/copy_…

Uploading /local_disk0/repl_tmp_data/ReplId-19faa-b205f-f/tmpl56w6dva/model/artifacts/mmd_probe_artifact/copy_…

Uploading /local_disk0/repl_tmp_data/ReplId-19faa-b205f-f/tmpl56w6dva/model/artifacts/mmd_probe_artifact/copy_…

Uploading /local_disk0/repl_tmp_data/ReplId-19faa-b205f-f/tmpl56w6dva/model/artifacts/mmd_probe_artifact/copy_…

Uploading /local_disk0/repl_tmp_data/ReplId-19faa-b205f-f/tmpl56w6dva/model/artifacts/mmd_probe_artifact/copy_…

Uploading /local_disk0/repl_tmp_data/ReplId-19faa-b205f-f/tmpl56w6dva/model/artifacts/mmd_probe_artifact/copy_…

Uploading /local_disk0/repl_tmp_data/ReplId-19faa-b205f-f/tmpl56w6dva/model/artifacts/mmd_probe_artifact/copy_…

Uploading /local_disk0/repl_tmp_data/ReplId-19faa-b205f-f/tmpl56w6dva/model/artifacts/mmd_probe_artifact/copy_…

Uploading /local_disk0/repl_tmp_data/ReplId-19faa-b205f-f/tmpl56w6dva/model/artifacts/mmd_probe_artifact/copy_…

Uploading /local_disk0/repl_tmp_data/ReplId-19faa-b205f-f/tmpl56w6dva/model/artifacts/mmd_probe_artifact/copy_…

Uploading /local_disk0/repl_tmp_data/ReplId-19faa-b205f-f/tmpl56w6dva/model/artifacts/mmd_probe_artifact/copy_…

Uploading /local_disk0/repl_tmp_data/ReplId-19faa-b205f-f/tmpl56w6dva/model/artifacts/mmd_probe_artifact/copy_…

Uploading /local_disk0/repl_tmp_data/ReplId-19faa-b205f-f/tmpl56w6dva/model/artifacts/mmd_probe_artifact/copy_…

Uploading /local_disk0/repl_tmp_data/ReplId-19faa-b205f-f/tmpl56w6dva/model/artifacts/mmd_probe_artifact/copy_…

Uploading /local_disk0/repl_tmp_data/ReplId-19faa-b205f-f/tmpl56w6dva/model/artifacts/mmd_probe_artifact/copy_…

Uploading /local_disk0/repl_tmp_data/ReplId-19faa-b205f-f/tmpl56w6dva/model/artifacts/mmd_probe_artifact/copy_…

Uploading /local_disk0/repl_tmp_data/ReplId-19faa-b205f-f/tmpl56w6dva/model/artifacts/mmd_probe_artifact/copy_…

Uploading /local_disk0/repl_tmp_data/ReplId-19faa-b205f-f/tmpl56w6dva/model/artifacts/mmd_probe_artifact/copy_…

Uploading /local_disk0/repl_tmp_data/ReplId-19faa-b205f-f/tmpl56w6dva/model/artifacts/mmd_probe_artifact/copy_…

Uploading /local_disk0/repl_tmp_data/ReplId-19faa-b205f-f/tmpl56w6dva/model/artifacts/mmd_probe_artifact/copy_…

Uploading /local_disk0/repl_tmp_data/ReplId-19faa-b205f-f/tmpl56w6dva/model/artifacts/mmd_probe_artifact/copy_…

Uploading /local_disk0/repl_tmp_data/ReplId-19faa-b205f-f/tmpl56w6dva/model/artifacts/mmd_probe_artifact/copy_…

Uploading /local_disk0/repl_tmp_data/ReplId-19faa-b205f-f/tmpl56w6dva/model/artifacts/mmd_probe_artifact/copy_…

Uploading /local_disk0/repl_tmp_data/ReplId-19faa-b205f-f/tmpl56w6dva/model/artifacts/mmd_probe_artifact/copy_…

Uploading /local_disk0/repl_tmp_data/ReplId-19faa-b205f-f/tmpl56w6dva/model/artifacts/mmd_probe_artifact/copy_…

Uploading /local_disk0/repl_tmp_data/ReplId-19faa-b205f-f/tmpl56w6dva/model/artifacts/mmd_probe_artifact/copy_…

Uploading /local_disk0/repl_tmp_data/ReplId-19faa-b205f-f/tmpl56w6dva/model/artifacts/mmd_probe_artifact/copy_…

Uploading /local_disk0/repl_tmp_data/ReplId-19faa-b205f-f/tmpl56w6dva/model/artifacts/mmd_probe_artifact/copy_…

Uploading /local_disk0/repl_tmp_data/ReplId-19faa-b205f-f/tmpl56w6dva/model/artifacts/mmd_probe_artifact/copy_…

Uploading /local_disk0/repl_tmp_data/ReplId-19faa-b205f-f/tmpl56w6dva/model/artifacts/mmd_probe_artifact/copy_…

Uploading /local_disk0/repl_tmp_data/ReplId-19faa-b205f-f/tmpl56w6dva/model/artifacts/mmd_probe_artifact/copy_…

Uploading /local_disk0/repl_tmp_data/ReplId-19faa-b205f-f/tmpl56w6dva/model/artifacts/mmd_probe_artifact/copy_…

Uploading /local_disk0/repl_tmp_data/ReplId-19faa-b205f-f/tmpl56w6dva/model/artifacts/mmd_probe_artifact/copy_…

Uploading /local_disk0/repl_tmp_data/ReplId-19faa-b205f-f/tmpl56w6dva/model/artifacts/mmd_probe_artifact/copy_…

Uploading /local_disk0/repl_tmp_data/ReplId-19faa-b205f-f/tmpl56w6dva/model/artifacts/mmd_probe_artifact/copy_…

Uploading /local_disk0/repl_tmp_data/ReplId-19faa-b205f-f/tmpl56w6dva/model/artifacts/mmd_probe_artifact/copy_…

Uploading /local_disk0/repl_tmp_data/ReplId-19faa-b205f-f/tmpl56w6dva/model/artifacts/mmd_probe_artifact/copy_…

Uploading /local_disk0/repl_tmp_data/ReplId-19faa-b205f-f/tmpl56w6dva/model/artifacts/mmd_probe_artifact/copy_…

Uploading /local_disk0/repl_tmp_data/ReplId-19faa-b205f-f/tmpl56w6dva/model/artifacts/mmd_probe_artifact/copy_…

Uploading /local_disk0/repl_tmp_data/ReplId-19faa-b205f-f/tmpl56w6dva/model/artifacts/mmd_probe_artifact/copy_…

Uploading /local_disk0/repl_tmp_data/ReplId-19faa-b205f-f/tmpl56w6dva/model/artifacts/mmd_probe_artifact/copy_…

Uploading /local_disk0/repl_tmp_data/ReplId-19faa-b205f-f/tmpl56w6dva/model/artifacts/mmd_probe_artifact/copy_…

Uploading /local_disk0/repl_tmp_data/ReplId-19faa-b205f-f/tmpl56w6dva/model/artifacts/mmd_probe_artifact/copy_…

Uploading /local_disk0/repl_tmp_data/ReplId-19faa-b205f-f/tmpl56w6dva/model/artifacts/mmd_probe_artifact/copy_…

Uploading /local_disk0/repl_tmp_data/ReplId-19faa-b205f-f/tmpl56w6dva/model/artifacts/mmd_probe_artifact/copy_…

Uploading /local_disk0/repl_tmp_data/ReplId-19faa-b205f-f/tmpl56w6dva/model/artifacts/mmd_probe_artifact/copy_…

Uploading /local_disk0/repl_tmp_data/ReplId-19faa-b205f-f/tmpl56w6dva/model/artifacts/mmd_probe_artifact/copy_…

Uploading /local_disk0/repl_tmp_data/ReplId-19faa-b205f-f/tmpl56w6dva/model/artifacts/mmd_probe_artifact/copy_…

Uploading /local_disk0/repl_tmp_data/ReplId-19faa-b205f-f/tmpl56w6dva/model/artifacts/mmd_probe_artifact/copy_…

Uploading /local_disk0/repl_tmp_data/ReplId-19faa-b205f-f/tmpl56w6dva/model/artifacts/mmd_probe_artifact/copy_…

Uploading /local_disk0/repl_tmp_data/ReplId-19faa-b205f-f/tmpl56w6dva/model/artifacts/mmd_probe_artifact/copy_…

Uploading /local_disk0/repl_tmp_data/ReplId-19faa-b205f-f/tmpl56w6dva/model/artifacts/mmd_probe_artifact/copy_…

Uploading /local_disk0/repl_tmp_data/ReplId-19faa-b205f-f/tmpl56w6dva/model/artifacts/mmd_probe_artifact/copy_…

Uploading /local_disk0/repl_tmp_data/ReplId-19faa-b205f-f/tmpl56w6dva/model/artifacts/mmd_probe_artifact/copy_…

Uploading /local_disk0/repl_tmp_data/ReplId-19faa-b205f-f/tmpl56w6dva/model/artifacts/mmd_probe_artifact/copy_…

Uploading /local_disk0/repl_tmp_data/ReplId-19faa-b205f-f/tmpl56w6dva/model/artifacts/mmd_probe_artifact/copy_…

Uploading /local_disk0/repl_tmp_data/ReplId-19faa-b205f-f/tmpl56w6dva/model/artifacts/mmd_probe_artifact/copy_…

Uploading /local_disk0/repl_tmp_data/ReplId-19faa-b205f-f/tmpl56w6dva/model/artifacts/mmd_probe_artifact/copy_…

Uploading /local_disk0/repl_tmp_data/ReplId-19faa-b205f-f/tmpl56w6dva/model/artifacts/mmd_probe_artifact/copy_…

Uploading /local_disk0/repl_tmp_data/ReplId-19faa-b205f-f/tmpl56w6dva/model/artifacts/mmd_probe_artifact/copy_…

Uploading /local_disk0/repl_tmp_data/ReplId-19faa-b205f-f/tmpl56w6dva/model/artifacts/mmd_probe_artifact/copy_…

Uploading /local_disk0/repl_tmp_data/ReplId-19faa-b205f-f/tmpl56w6dva/model/artifacts/mmd_probe_artifact/copy_…

Uploading /local_disk0/repl_tmp_data/ReplId-19faa-b205f-f/tmpl56w6dva/model/artifacts/mmd_probe_artifact/copy_…

Uploading /local_disk0/repl_tmp_data/ReplId-19faa-b205f-f/tmpl56w6dva/model/artifacts/mmd_probe_artifact/copy_…

Uploading /local_disk0/repl_tmp_data/ReplId-19faa-b205f-f/tmpl56w6dva/model/artifacts/mmd_probe_artifact/copy_…

Uploading /local_disk0/repl_tmp_data/ReplId-19faa-b205f-f/tmpl56w6dva/model/artifacts/mmd_probe_artifact/copy_…

Uploading /local_disk0/repl_tmp_data/ReplId-19faa-b205f-f/tmpl56w6dva/model/artifacts/mmd_probe_artifact/copy_…

Uploading /local_disk0/repl_tmp_data/ReplId-19faa-b205f-f/tmpl56w6dva/model/artifacts/mmd_probe_artifact/copy_…

Uploading /local_disk0/repl_tmp_data/ReplId-19faa-b205f-f/tmpl56w6dva/model/artifacts/mmd_probe_artifact/copy_…

Uploading /local_disk0/repl_tmp_data/ReplId-19faa-b205f-f/tmpl56w6dva/model/artifacts/mmd_probe_artifact/copy_…

Uploading /local_disk0/repl_tmp_data/ReplId-19faa-b205f-f/tmpl56w6dva/model/artifacts/mmd_probe_artifact/copy_…

Uploading /local_disk0/repl_tmp_data/ReplId-19faa-b205f-f/tmpl56w6dva/model/artifacts/mmd_probe_artifact/copy_…

Uploading /local_disk0/repl_tmp_data/ReplId-19faa-b205f-f/tmpl56w6dva/model/artifacts/mmd_probe_artifact/copy_…

Uploading /local_disk0/repl_tmp_data/ReplId-19faa-b205f-f/tmpl56w6dva/model/artifacts/mmd_probe_artifact/copy_…

Uploading /local_disk0/repl_tmp_data/ReplId-19faa-b205f-f/tmpl56w6dva/model/artifacts/mmd_probe_artifact/copy_…

Uploading /local_disk0/repl_tmp_data/ReplId-19faa-b205f-f/tmpl56w6dva/model/artifacts/mmd_probe_artifact/copy_…

Uploading /local_disk0/repl_tmp_data/ReplId-19faa-b205f-f/tmpl56w6dva/model/artifacts/mmd_probe_artifact/copy_…

Uploading /local_disk0/repl_tmp_data/ReplId-19faa-b205f-f/tmpl56w6dva/model/artifacts/mmd_probe_artifact/copy_…

Uploading /local_disk0/repl_tmp_data/ReplId-19faa-b205f-f/tmpl56w6dva/model/artifacts/mmd_probe_artifact/copy_…

Uploading /local_disk0/repl_tmp_data/ReplId-19faa-b205f-f/tmpl56w6dva/model/artifacts/mmd_probe_artifact/copy_…

Uploading /local_disk0/repl_tmp_data/ReplId-19faa-b205f-f/tmpl56w6dva/model/artifacts/mmd_probe_artifact/copy_…

Uploading /local_disk0/repl_tmp_data/ReplId-19faa-b205f-f/tmpl56w6dva/model/artifacts/mmd_probe_artifact/copy_…

Uploading /local_disk0/repl_tmp_data/ReplId-19faa-b205f-f/tmpl56w6dva/model/artifacts/mmd_probe_artifact/copy_…

Uploading /local_disk0/repl_tmp_data/ReplId-19faa-b205f-f/tmpl56w6dva/model/artifacts/mmd_probe_artifact/copy_…

Uploading /local_disk0/repl_tmp_data/ReplId-19faa-b205f-f/tmpl56w6dva/model/artifacts/mmd_probe_artifact/copy_…

Uploading /local_disk0/repl_tmp_data/ReplId-19faa-b205f-f/tmpl56w6dva/model/artifacts/mmd_probe_artifact/copy_…

Uploading /local_disk0/repl_tmp_data/ReplId-19faa-b205f-f/tmpl56w6dva/model/artifacts/mmd_probe_artifact/copy_…

Uploading /local_disk0/repl_tmp_data/ReplId-19faa-b205f-f/tmpl56w6dva/model/artifacts/mmd_probe_artifact/copy_…

Uploading /local_disk0/repl_tmp_data/ReplId-19faa-b205f-f/tmpl56w6dva/model/artifacts/mmd_probe_artifact/copy_…

Uploading /local_disk0/repl_tmp_data/ReplId-19faa-b205f-f/tmpl56w6dva/model/artifacts/mmd_probe_artifact/copy_…

Uploading /local_disk0/repl_tmp_data/ReplId-19faa-b205f-f/tmpl56w6dva/model/artifacts/mmd_probe_artifact/copy_…

Uploading /local_disk0/repl_tmp_data/ReplId-19faa-b205f-f/tmpl56w6dva/model/artifacts/mmd_probe_artifact/copy_…

Uploading /local_disk0/repl_tmp_data/ReplId-19faa-b205f-f/tmpl56w6dva/model/artifacts/mmd_probe_artifact/copy_…

Uploading /local_disk0/repl_tmp_data/ReplId-19faa-b205f-f/tmpl56w6dva/model/artifacts/mmd_probe_artifact/copy_…

Uploading /local_disk0/repl_tmp_data/ReplId-19faa-b205f-f/tmpl56w6dva/model/artifacts/mmd_probe_artifact/copy_…

Uploading /local_disk0/repl_tmp_data/ReplId-19faa-b205f-f/tmpl56w6dva/model/artifacts/mmd_probe_artifact/copy_…

Uploading /local_disk0/repl_tmp_data/ReplId-19faa-b205f-f/tmpl56w6dva/model/artifacts/mmd_probe_artifact/copy_…

Uploading /local_disk0/repl_tmp_data/ReplId-19faa-b205f-f/tmpl56w6dva/model/artifacts/mmd_probe_artifact/copy_…

Uploading /local_disk0/repl_tmp_data/ReplId-19faa-b205f-f/tmpl56w6dva/model/artifacts/mmd_probe_artifact/copy_…

Uploading /local_disk0/repl_tmp_data/ReplId-19faa-b205f-f/tmpl56w6dva/model/artifacts/mmd_probe_artifact/copy_…

Uploading /local_disk0/repl_tmp_data/ReplId-19faa-b205f-f/tmpl56w6dva/model/artifacts/mmd_probe_artifact/copy_…

Uploading /local_disk0/repl_tmp_data/ReplId-19faa-b205f-f/tmpl56w6dva/model/artifacts/mmd_probe_artifact/copy_…

Uploading /local_disk0/repl_tmp_data/ReplId-19faa-b205f-f/tmpl56w6dva/model/artifacts/mmd_probe_artifact/copy_…

Uploading /local_disk0/repl_tmp_data/ReplId-19faa-b205f-f/tmpl56w6dva/model/artifacts/mmd_probe_artifact/copy_…

Uploading /local_disk0/repl_tmp_data/ReplId-19faa-b205f-f/tmpl56w6dva/model/artifacts/mmd_probe_artifact/copy_…

Uploading /local_disk0/repl_tmp_data/ReplId-19faa-b205f-f/tmpl56w6dva/model/artifacts/mmd_probe_artifact/copy_…

Uploading /local_disk0/repl_tmp_data/ReplId-19faa-b205f-f/tmpl56w6dva/model/artifacts/mmd_probe_artifact/copy_…

Uploading /local_disk0/repl_tmp_data/ReplId-19faa-b205f-f/tmpl56w6dva/model/artifacts/mmd_probe_artifact/copy_…

Uploading /local_disk0/repl_tmp_data/ReplId-19faa-b205f-f/tmpl56w6dva/model/artifacts/mmd_probe_artifact/copy_…

Uploading /local_disk0/repl_tmp_data/ReplId-19faa-b205f-f/tmpl56w6dva/model/artifacts/mmd_probe_artifact/copy_…

Uploading /local_disk0/repl_tmp_data/ReplId-19faa-b205f-f/tmpl56w6dva/model/artifacts/mmd_probe_artifact/copy_…

Uploading /local_disk0/repl_tmp_data/ReplId-19faa-b205f-f/tmpl56w6dva/model/artifacts/mmd_probe_artifact/copy_…

Uploading /local_disk0/repl_tmp_data/ReplId-19faa-b205f-f/tmpl56w6dva/model/artifacts/mmd_probe_artifact/copy_…

Uploading /local_disk0/repl_tmp_data/ReplId-19faa-b205f-f/tmpl56w6dva/model/artifacts/mmd_probe_artifact/copy_…

Uploading /local_disk0/repl_tmp_data/ReplId-19faa-b205f-f/tmpl56w6dva/model/artifacts/mmd_probe_artifact/copy_…

Uploading /local_disk0/repl_tmp_data/ReplId-19faa-b205f-f/tmpl56w6dva/model/artifacts/mmd_probe_artifact/copy_…

Uploading /local_disk0/repl_tmp_data/ReplId-19faa-b205f-f/tmpl56w6dva/model/artifacts/mmd_probe_artifact/copy_…

Uploading /local_disk0/repl_tmp_data/ReplId-19faa-b205f-f/tmpl56w6dva/model/artifacts/mmd_probe_artifact/copy_…

Uploading /local_disk0/repl_tmp_data/ReplId-19faa-b205f-f/tmpl56w6dva/model/artifacts/mmd_probe_artifact/copy_…

Uploading /local_disk0/repl_tmp_data/ReplId-19faa-b205f-f/tmpl56w6dva/model/artifacts/mmd_probe_artifact/copy_…

Uploading /local_disk0/repl_tmp_data/ReplId-19faa-b205f-f/tmpl56w6dva/model/artifacts/mmd_probe_artifact/copy_…

Uploading /local_disk0/repl_tmp_data/ReplId-19faa-b205f-f/tmpl56w6dva/model/artifacts/mmd_probe_artifact/copy_…

Uploading /local_disk0/repl_tmp_data/ReplId-19faa-b205f-f/tmpl56w6dva/model/artifacts/mmd_probe_artifact/copy_…

Uploading /local_disk0/repl_tmp_data/ReplId-19faa-b205f-f/tmpl56w6dva/model/artifacts/mmd_probe_artifact/copy_…

Uploading /local_disk0/repl_tmp_data/ReplId-19faa-b205f-f/tmpl56w6dva/model/artifacts/mmd_probe_artifact/copy_…

Uploading /local_disk0/repl_tmp_data/ReplId-19faa-b205f-f/tmpl56w6dva/model/artifacts/mmd_probe_artifact/copy_…

Uploading /local_disk0/repl_tmp_data/ReplId-19faa-b205f-f/tmpl56w6dva/model/artifacts/mmd_probe_artifact/copy_…

Uploading /local_disk0/repl_tmp_data/ReplId-19faa-b205f-f/tmpl56w6dva/model/artifacts/mmd_probe_artifact/copy_…

Uploading /local_disk0/repl_tmp_data/ReplId-19faa-b205f-f/tmpl56w6dva/model/artifacts/mmd_probe_artifact/copy_…

Uploading /local_disk0/repl_tmp_data/ReplId-19faa-b205f-f/tmpl56w6dva/model/artifacts/mmd_probe_artifact/copy_…

Uploading /local_disk0/repl_tmp_data/ReplId-19faa-b205f-f/tmpl56w6dva/model/artifacts/mmd_probe_artifact/copy_…

Uploading /local_disk0/repl_tmp_data/ReplId-19faa-b205f-f/tmpl56w6dva/model/artifacts/mmd_probe_artifact/copy_…

Uploading /local_disk0/repl_tmp_data/ReplId-19faa-b205f-f/tmpl56w6dva/model/artifacts/mmd_probe_artifact/copy_…

Uploading /local_disk0/repl_tmp_data/ReplId-19faa-b205f-f/tmpl56w6dva/model/artifacts/mmd_probe_artifact/copy_…

Uploading /local_disk0/repl_tmp_data/ReplId-19faa-b205f-f/tmpl56w6dva/model/artifacts/mmd_probe_artifact/copy_…

Uploading /local_disk0/repl_tmp_data/ReplId-19faa-b205f-f/tmpl56w6dva/model/artifacts/mmd_probe_artifact/copy_…

Uploading /local_disk0/repl_tmp_data/ReplId-19faa-b205f-f/tmpl56w6dva/model/artifacts/mmd_probe_artifact/copy_…

Uploading /local_disk0/repl_tmp_data/ReplId-19faa-b205f-f/tmpl56w6dva/model/artifacts/mmd_probe_artifact/copy_…

Uploading /local_disk0/repl_tmp_data/ReplId-19faa-b205f-f/tmpl56w6dva/model/artifacts/mmd_probe_artifact/copy_…

Uploading /local_disk0/repl_tmp_data/ReplId-19faa-b205f-f/tmpl56w6dva/model/artifacts/mmd_probe_artifact/copy_…

Uploading /local_disk0/repl_tmp_data/ReplId-19faa-b205f-f/tmpl56w6dva/model/artifacts/mmd_probe_artifact/copy_…

Uploading /local_disk0/repl_tmp_data/ReplId-19faa-b205f-f/tmpl56w6dva/model/artifacts/mmd_probe_artifact/copy_…

Uploading /local_disk0/repl_tmp_data/ReplId-19faa-b205f-f/tmpl56w6dva/model/artifacts/mmd_probe_artifact/copy_…

Uploading /local_disk0/repl_tmp_data/ReplId-19faa-b205f-f/tmpl56w6dva/model/artifacts/mmd_probe_artifact/copy_…

Uploading /local_disk0/repl_tmp_data/ReplId-19faa-b205f-f/tmpl56w6dva/model/artifacts/mmd_probe_artifact/copy_…

Uploading /local_disk0/repl_tmp_data/ReplId-19faa-b205f-f/tmpl56w6dva/model/artifacts/mmd_probe_artifact/copy_…

Uploading /local_disk0/repl_tmp_data/ReplId-19faa-b205f-f/tmpl56w6dva/model/artifacts/mmd_probe_artifact/copy_…

Uploading /local_disk0/repl_tmp_data/ReplId-19faa-b205f-f/tmpl56w6dva/model/artifacts/mmd_probe_artifact/copy_…

Uploading /local_disk0/repl_tmp_data/ReplId-19faa-b205f-f/tmpl56w6dva/model/artifacts/mmd_probe_artifact/copy_…

Uploading /local_disk0/repl_tmp_data/ReplId-19faa-b205f-f/tmpl56w6dva/model/artifacts/mmd_probe_artifact/copy_…

Uploading /local_disk0/repl_tmp_data/ReplId-19faa-b205f-f/tmpl56w6dva/model/artifacts/mmd_probe_artifact/copy_…

Uploading /local_disk0/repl_tmp_data/ReplId-19faa-b205f-f/tmpl56w6dva/model/artifacts/mmd_probe_artifact/copy_…

Uploading /local_disk0/repl_tmp_data/ReplId-19faa-b205f-f/tmpl56w6dva/model/artifacts/mmd_probe_artifact/copy_…

Uploading /local_disk0/repl_tmp_data/ReplId-19faa-b205f-f/tmpl56w6dva/model/artifacts/mmd_probe_artifact/copy_…

Uploading /local_disk0/repl_tmp_data/ReplId-19faa-b205f-f/tmpl56w6dva/model/artifacts/mmd_probe_artifact/copy_…

Uploading /local_disk0/repl_tmp_data/ReplId-19faa-b205f-f/tmpl56w6dva/model/artifacts/mmd_probe_artifact/copy_…

Uploading /local_disk0/repl_tmp_data/ReplId-19faa-b205f-f/tmpl56w6dva/model/artifacts/mmd_probe_artifact/copy_…

Uploading /local_disk0/repl_tmp_data/ReplId-19faa-b205f-f/tmpl56w6dva/model/artifacts/mmd_probe_artifact/copy_…

Uploading /local_disk0/repl_tmp_data/ReplId-19faa-b205f-f/tmpl56w6dva/model/artifacts/mmd_probe_artifact/copy_…

Uploading /local_disk0/repl_tmp_data/ReplId-19faa-b205f-f/tmpl56w6dva/model/artifacts/mmd_probe_artifact/copy_…

Uploading /local_disk0/repl_tmp_data/ReplId-19faa-b205f-f/tmpl56w6dva/model/artifacts/mmd_probe_artifact/copy_…

Uploading /local_disk0/repl_tmp_data/ReplId-19faa-b205f-f/tmpl56w6dva/model/artifacts/mmd_probe_artifact/copy_…

Uploading /local_disk0/repl_tmp_data/ReplId-19faa-b205f-f/tmpl56w6dva/model/artifacts/mmd_probe_artifact/copy_…

Uploading /local_disk0/repl_tmp_data/ReplId-19faa-b205f-f/tmpl56w6dva/model/artifacts/mmd_probe_artifact/copy_…

Uploading /local_disk0/repl_tmp_data/ReplId-19faa-b205f-f/tmpl56w6dva/model/artifacts/mmd_probe_artifact/copy_…

Uploading /local_disk0/repl_tmp_data/ReplId-19faa-b205f-f/tmpl56w6dva/model/artifacts/mmd_probe_artifact/copy_…

Uploading /local_disk0/repl_tmp_data/ReplId-19faa-b205f-f/tmpl56w6dva/model/artifacts/mmd_probe_artifact/copy_…

Uploading /local_disk0/repl_tmp_data/ReplId-19faa-b205f-f/tmpl56w6dva/model/artifacts/mmd_probe_artifact/copy_…

Uploading /local_disk0/repl_tmp_data/ReplId-19faa-b205f-f/tmpl56w6dva/model/artifacts/mmd_probe_artifact/copy_…

Uploading /local_disk0/repl_tmp_data/ReplId-19faa-b205f-f/tmpl56w6dva/model/artifacts/mmd_probe_artifact/copy_…

Uploading /local_disk0/repl_tmp_data/ReplId-19faa-b205f-f/tmpl56w6dva/model/artifacts/mmd_probe_artifact/copy_…

Uploading /local_disk0/repl_tmp_data/ReplId-19faa-b205f-f/tmpl56w6dva/model/artifacts/mmd_probe_artifact/copy_…

Uploading /local_disk0/repl_tmp_data/ReplId-19faa-b205f-f/tmpl56w6dva/model/artifacts/mmd_probe_artifact/copy_…

Uploading /local_disk0/repl_tmp_data/ReplId-19faa-b205f-f/tmpl56w6dva/model/artifacts/mmd_probe_artifact/copy_…

Uploading /local_disk0/repl_tmp_data/ReplId-19faa-b205f-f/tmpl56w6dva/model/artifacts/mmd_probe_artifact/copy_…

Uploading /local_disk0/repl_tmp_data/ReplId-19faa-b205f-f/tmpl56w6dva/model/artifacts/mmd_probe_artifact/copy_…

Uploading /local_disk0/repl_tmp_data/ReplId-19faa-b205f-f/tmpl56w6dva/model/artifacts/mmd_probe_artifact/copy_…

Uploading /local_disk0/repl_tmp_data/ReplId-19faa-b205f-f/tmpl56w6dva/model/artifacts/mmd_probe_artifact/copy_…

Uploading /local_disk0/repl_tmp_data/ReplId-19faa-b205f-f/tmpl56w6dva/model/artifacts/mmd_probe_artifact/copy_…

Uploading /local_disk0/repl_tmp_data/ReplId-19faa-b205f-f/tmpl56w6dva/model/artifacts/mmd_probe_artifact/copy_…

Uploading /local_disk0/repl_tmp_data/ReplId-19faa-b205f-f/tmpl56w6dva/model/artifacts/mmd_probe_artifact/copy_…

Uploading /local_disk0/repl_tmp_data/ReplId-19faa-b205f-f/tmpl56w6dva/model/artifacts/mmd_probe_artifact/copy_…

Uploading /local_disk0/repl_tmp_data/ReplId-19faa-b205f-f/tmpl56w6dva/model/artifacts/mmd_probe_artifact/copy_…

Uploading /local_disk0/repl_tmp_data/ReplId-19faa-b205f-f/tmpl56w6dva/model/artifacts/mmd_probe_artifact/copy_…

Uploading /local_disk0/repl_tmp_data/ReplId-19faa-b205f-f/tmpl56w6dva/model/artifacts/mmd_probe_artifact/copy_…

Uploading /local_disk0/repl_tmp_data/ReplId-19faa-b205f-f/tmpl56w6dva/model/artifacts/mmd_probe_artifact/copy_…

Uploading /local_disk0/repl_tmp_data/ReplId-19faa-b205f-f/tmpl56w6dva/model/artifacts/mmd_probe_artifact/copy_…

Uploading /local_disk0/repl_tmp_data/ReplId-19faa-b205f-f/tmpl56w6dva/model/artifacts/mmd_probe_artifact/copy_…

Uploading /local_disk0/repl_tmp_data/ReplId-19faa-b205f-f/tmpl56w6dva/model/artifacts/mmd_probe_artifact/copy_…

Uploading /local_disk0/repl_tmp_data/ReplId-19faa-b205f-f/tmpl56w6dva/model/artifacts/mmd_probe_artifact/copy_…

Uploading /local_disk0/repl_tmp_data/ReplId-19faa-b205f-f/tmpl56w6dva/model/artifacts/mmd_probe_artifact/copy_…

Uploading /local_disk0/repl_tmp_data/ReplId-19faa-b205f-f/tmpl56w6dva/model/artifacts/mmd_probe_artifact/copy_…

Uploading /local_disk0/repl_tmp_data/ReplId-19faa-b205f-f/tmpl56w6dva/model/artifacts/mmd_probe_artifact/copy_…

Uploading /local_disk0/repl_tmp_data/ReplId-19faa-b205f-f/tmpl56w6dva/model/artifacts/mmd_probe_artifact/copy_…

Uploading /local_disk0/repl_tmp_data/ReplId-19faa-b205f-f/tmpl56w6dva/model/artifacts/mmd_probe_artifact/copy_…

Uploading /local_disk0/repl_tmp_data/ReplId-19faa-b205f-f/tmpl56w6dva/model/artifacts/mmd_probe_artifact/copy_…

Uploading /local_disk0/repl_tmp_data/ReplId-19faa-b205f-f/tmpl56w6dva/model/artifacts/mmd_probe_artifact/copy_…

Uploading /local_disk0/repl_tmp_data/ReplId-19faa-b205f-f/tmpl56w6dva/model/artifacts/mmd_probe_artifact/copy_…

Uploading /local_disk0/repl_tmp_data/ReplId-19faa-b205f-f/tmpl56w6dva/model/artifacts/mmd_probe_artifact/copy_…

Uploading /local_disk0/repl_tmp_data/ReplId-19faa-b205f-f/tmpl56w6dva/model/artifacts/mmd_probe_artifact/copy_…

Uploading /local_disk0/repl_tmp_data/ReplId-19faa-b205f-f/tmpl56w6dva/model/artifacts/mmd_probe_artifact/copy_…

Uploading /local_disk0/repl_tmp_data/ReplId-19faa-b205f-f/tmpl56w6dva/model/artifacts/mmd_probe_artifact/copy_…

Uploading /local_disk0/repl_tmp_data/ReplId-19faa-b205f-f/tmpl56w6dva/model/artifacts/mmd_probe_artifact/copy_…

Uploading /local_disk0/repl_tmp_data/ReplId-19faa-b205f-f/tmpl56w6dva/model/artifacts/mmd_probe_artifact/copy_…

Uploading /local_disk0/repl_tmp_data/ReplId-19faa-b205f-f/tmpl56w6dva/model/artifacts/mmd_probe_artifact/copy_…

Uploading /local_disk0/repl_tmp_data/ReplId-19faa-b205f-f/tmpl56w6dva/model/artifacts/mmd_probe_artifact/copy_…

Uploading /local_disk0/repl_tmp_data/ReplId-19faa-b205f-f/tmpl56w6dva/model/artifacts/mmd_probe_artifact/copy_…

Uploading /local_disk0/repl_tmp_data/ReplId-19faa-b205f-f/tmpl56w6dva/model/artifacts/mmd_probe_artifact/copy_…

Uploading /local_disk0/repl_tmp_data/ReplId-19faa-b205f-f/tmpl56w6dva/model/artifacts/mmd_probe_artifact/copy_…

Uploading /local_disk0/repl_tmp_data/ReplId-19faa-b205f-f/tmpl56w6dva/model/artifacts/mmd_probe_artifact/copy_…

Uploading /local_disk0/repl_tmp_data/ReplId-19faa-b205f-f/tmpl56w6dva/model/artifacts/mmd_probe_artifact/copy_…

Uploading /local_disk0/repl_tmp_data/ReplId-19faa-b205f-f/tmpl56w6dva/model/artifacts/mmd_probe_artifact/copy_…

Uploading /local_disk0/repl_tmp_data/ReplId-19faa-b205f-f/tmpl56w6dva/model/artifacts/mmd_probe_artifact/copy_…

Uploading /local_disk0/repl_tmp_data/ReplId-19faa-b205f-f/tmpl56w6dva/model/artifacts/mmd_probe_artifact/copy_…

Uploading /local_disk0/repl_tmp_data/ReplId-19faa-b205f-f/tmpl56w6dva/model/artifacts/mmd_probe_artifact/copy_…

Uploading /local_disk0/repl_tmp_data/ReplId-19faa-b205f-f/tmpl56w6dva/model/artifacts/mmd_probe_artifact/copy_…

Uploading /local_disk0/repl_tmp_data/ReplId-19faa-b205f-f/tmpl56w6dva/model/artifacts/mmd_probe_artifact/copy_…

Uploading /local_disk0/repl_tmp_data/ReplId-19faa-b205f-f/tmpl56w6dva/model/artifacts/mmd_probe_artifact/copy_…

Uploading /local_disk0/repl_tmp_data/ReplId-19faa-b205f-f/tmpl56w6dva/model/artifacts/mmd_probe_artifact/copy_…

Uploading /local_disk0/repl_tmp_data/ReplId-19faa-b205f-f/tmpl56w6dva/model/artifacts/mmd_probe_artifact/copy_…

Uploading /local_disk0/repl_tmp_data/ReplId-19faa-b205f-f/tmpl56w6dva/model/artifacts/mmd_probe_artifact/copy_…

Uploading /local_disk0/repl_tmp_data/ReplId-19faa-b205f-f/tmpl56w6dva/model/artifacts/mmd_probe_artifact/copy_…

Uploading /local_disk0/repl_tmp_data/ReplId-19faa-b205f-f/tmpl56w6dva/model/artifacts/mmd_probe_artifact/copy_…

Uploading /local_disk0/repl_tmp_data/ReplId-19faa-b205f-f/tmpl56w6dva/model/artifacts/mmd_probe_artifact/copy_…

Uploading /local_disk0/repl_tmp_data/ReplId-19faa-b205f-f/tmpl56w6dva/model/artifacts/mmd_probe_artifact/copy_…

Uploading /local_disk0/repl_tmp_data/ReplId-19faa-b205f-f/tmpl56w6dva/model/artifacts/mmd_probe_artifact/copy_…

Uploading /local_disk0/repl_tmp_data/ReplId-19faa-b205f-f/tmpl56w6dva/model/artifacts/mmd_probe_artifact/copy_…

Uploading /local_disk0/repl_tmp_data/ReplId-19faa-b205f-f/tmpl56w6dva/model/artifacts/mmd_probe_artifact/copy_…

Uploading /local_disk0/repl_tmp_data/ReplId-19faa-b205f-f/tmpl56w6dva/model/artifacts/mmd_probe_artifact/copy_…

Uploading /local_disk0/repl_tmp_data/ReplId-19faa-b205f-f/tmpl56w6dva/model/artifacts/mmd_probe_artifact/copy_…

Uploading /local_disk0/repl_tmp_data/ReplId-19faa-b205f-f/tmpl56w6dva/model/artifacts/mmd_probe_artifact/copy_…

Uploading /local_disk0/repl_tmp_data/ReplId-19faa-b205f-f/tmpl56w6dva/model/artifacts/mmd_probe_artifact/copy_…

Uploading /local_disk0/repl_tmp_data/ReplId-19faa-b205f-f/tmpl56w6dva/model/artifacts/mmd_probe_artifact/copy_…

Uploading /local_disk0/repl_tmp_data/ReplId-19faa-b205f-f/tmpl56w6dva/model/artifacts/mmd_probe_artifact/copy_…

Uploading /local_disk0/repl_tmp_data/ReplId-19faa-b205f-f/tmpl56w6dva/model/artifacts/mmd_probe_artifact/copy_…

Uploading /local_disk0/repl_tmp_data/ReplId-19faa-b205f-f/tmpl56w6dva/model/artifacts/mmd_probe_artifact/copy_…

Uploading /local_disk0/repl_tmp_data/ReplId-19faa-b205f-f/tmpl56w6dva/model/artifacts/mmd_probe_artifact/copy_…

Uploading /local_disk0/repl_tmp_data/ReplId-19faa-b205f-f/tmpl56w6dva/model/artifacts/mmd_probe_artifact/copy_…

Uploading /local_disk0/repl_tmp_data/ReplId-19faa-b205f-f/tmpl56w6dva/model/artifacts/mmd_probe_artifact/copy_…

Uploading /local_disk0/repl_tmp_data/ReplId-19faa-b205f-f/tmpl56w6dva/model/artifacts/mmd_probe_artifact/copy_…

Uploading /local_disk0/repl_tmp_data/ReplId-19faa-b205f-f/tmpl56w6dva/model/artifacts/mmd_probe_artifact/copy_…

Uploading /local_disk0/repl_tmp_data/ReplId-19faa-b205f-f/tmpl56w6dva/model/artifacts/mmd_probe_artifact/copy_…

Uploading /local_disk0/repl_tmp_data/ReplId-19faa-b205f-f/tmpl56w6dva/model/artifacts/mmd_probe_artifact/copy_…

Uploading /local_disk0/repl_tmp_data/ReplId-19faa-b205f-f/tmpl56w6dva/model/artifacts/mmd_probe_artifact/copy_…

Uploading /local_disk0/repl_tmp_data/ReplId-19faa-b205f-f/tmpl56w6dva/model/artifacts/mmd_probe_artifact/copy_…

Uploading /local_disk0/repl_tmp_data/ReplId-19faa-b205f-f/tmpl56w6dva/model/artifacts/mmd_probe_artifact/copy_…

Uploading /local_disk0/repl_tmp_data/ReplId-19faa-b205f-f/tmpl56w6dva/model/artifacts/mmd_probe_artifact/copy_…

Uploading /local_disk0/repl_tmp_data/ReplId-19faa-b205f-f/tmpl56w6dva/model/artifacts/mmd_probe_artifact/copy_…

Uploading /local_disk0/repl_tmp_data/ReplId-19faa-b205f-f/tmpl56w6dva/model/artifacts/mmd_probe_artifact/copy_…

Uploading /local_disk0/repl_tmp_data/ReplId-19faa-b205f-f/tmpl56w6dva/model/artifacts/mmd_probe_artifact/copy_…

Uploading /local_disk0/repl_tmp_data/ReplId-19faa-b205f-f/tmpl56w6dva/model/artifacts/mmd_probe_artifact/copy_…

Uploading /local_disk0/repl_tmp_data/ReplId-19faa-b205f-f/tmpl56w6dva/model/artifacts/mmd_probe_artifact/copy_…

Uploading /local_disk0/repl_tmp_data/ReplId-19faa-b205f-f/tmpl56w6dva/model/artifacts/mmd_probe_artifact/copy_…

Uploading /local_disk0/repl_tmp_data/ReplId-19faa-b205f-f/tmpl56w6dva/model/artifacts/mmd_probe_artifact/copy_…

Uploading /local_disk0/repl_tmp_data/ReplId-19faa-b205f-f/tmpl56w6dva/model/artifacts/mmd_probe_artifact/copy_…

Uploading /local_disk0/repl_tmp_data/ReplId-19faa-b205f-f/tmpl56w6dva/model/artifacts/mmd_probe_artifact/copy_…

Uploading /local_disk0/repl_tmp_data/ReplId-19faa-b205f-f/tmpl56w6dva/model/artifacts/mmd_probe_artifact/copy_…

Uploading /local_disk0/repl_tmp_data/ReplId-19faa-b205f-f/tmpl56w6dva/model/artifacts/mmd_probe_artifact/copy_…

Uploading /local_disk0/repl_tmp_data/ReplId-19faa-b205f-f/tmpl56w6dva/model/artifacts/mmd_probe_artifact/copy_…

Uploading /local_disk0/repl_tmp_data/ReplId-19faa-b205f-f/tmpl56w6dva/model/artifacts/mmd_probe_artifact/copy_…

Uploading /local_disk0/repl_tmp_data/ReplId-19faa-b205f-f/tmpl56w6dva/model/artifacts/mmd_probe_artifact/copy_…

Uploading /local_disk0/repl_tmp_data/ReplId-19faa-b205f-f/tmpl56w6dva/model/artifacts/mmd_probe_artifact/copy_…

Uploading /local_disk0/repl_tmp_data/ReplId-19faa-b205f-f/tmpl56w6dva/model/artifacts/mmd_probe_artifact/copy_…

Uploading /local_disk0/repl_tmp_data/ReplId-19faa-b205f-f/tmpl56w6dva/model/artifacts/mmd_probe_artifact/copy_…

Uploading /local_disk0/repl_tmp_data/ReplId-19faa-b205f-f/tmpl56w6dva/model/artifacts/mmd_probe_artifact/copy_…

Uploading /local_disk0/repl_tmp_data/ReplId-19faa-b205f-f/tmpl56w6dva/model/artifacts/mmd_probe_artifact/copy_…

Uploading /local_disk0/repl_tmp_data/ReplId-19faa-b205f-f/tmpl56w6dva/model/artifacts/mmd_probe_artifact/copy_…

Uploading /local_disk0/repl_tmp_data/ReplId-19faa-b205f-f/tmpl56w6dva/model/artifacts/mmd_probe_artifact/copy_…

Uploading /local_disk0/repl_tmp_data/ReplId-19faa-b205f-f/tmpl56w6dva/model/artifacts/mmd_probe_artifact/copy_…

Uploading /local_disk0/repl_tmp_data/ReplId-19faa-b205f-f/tmpl56w6dva/model/artifacts/mmd_probe_artifact/copy_…

Uploading /local_disk0/repl_tmp_data/ReplId-19faa-b205f-f/tmpl56w6dva/model/artifacts/mmd_probe_artifact/copy_…

Uploading /local_disk0/repl_tmp_data/ReplId-19faa-b205f-f/tmpl56w6dva/model/artifacts/mmd_probe_artifact/copy_…

Uploading /local_disk0/repl_tmp_data/ReplId-19faa-b205f-f/tmpl56w6dva/model/artifacts/mmd_probe_artifact/copy_…

Uploading /local_disk0/repl_tmp_data/ReplId-19faa-b205f-f/tmpl56w6dva/model/artifacts/mmd_probe_artifact/copy_…

Uploading /local_disk0/repl_tmp_data/ReplId-19faa-b205f-f/tmpl56w6dva/model/artifacts/mmd_probe_artifact/copy_…

Uploading /local_disk0/repl_tmp_data/ReplId-19faa-b205f-f/tmpl56w6dva/model/artifacts/mmd_probe_artifact/copy_…

Uploading /local_disk0/repl_tmp_data/ReplId-19faa-b205f-f/tmpl56w6dva/model/artifacts/mmd_probe_artifact/copy_…

Uploading /local_disk0/repl_tmp_data/ReplId-19faa-b205f-f/tmpl56w6dva/model/artifacts/mmd_probe_artifact/copy_…

Uploading /local_disk0/repl_tmp_data/ReplId-19faa-b205f-f/tmpl56w6dva/model/artifacts/mmd_probe_artifact/copy_…

Uploading /local_disk0/repl_tmp_data/ReplId-19faa-b205f-f/tmpl56w6dva/model/artifacts/mmd_probe_artifact/copy_…

Uploading /local_disk0/repl_tmp_data/ReplId-19faa-b205f-f/tmpl56w6dva/model/artifacts/mmd_probe_artifact/copy_…

🔗 Created version '11' of model 'users.akil_thomas.mmd_storage_probe': https://e2-demo-field-eng.cloud.databricks.com/explore/data/models/users/akil_thomas/mmd_storage_probe/version/11?o=1444828305810485


🏃 View run intrigued-cub-197 at: https://e2-demo-field-eng.cloud.databricks.com/ml/experiments/4004452056458895/runs/3a50ab7f97a849ac8849a0ccf0dc87d6
🧪 View experiment at: https://e2-demo-field-eng.cloud.databricks.com/ml/experiments/4004452056458895
  registered models:/users.akil_thomas.mmd_storage_probe/11
Deploying endpoint 'mmd-storage-probe-750gb' (workload=Large) …
  submitted. status: ready=NOT_READY config_update=IN_PROGRESS
  Poll readiness with: dbrx-mmd capacity endpoint-status --endpoint mmd-storage-probe-750gb
  A size rejection / image-build failure surfaces as UPDATE_FAILED.
